\set ECHO none
SELECT hacking_function();
 hacking_function 
------------------
 
(1 row)

SELECT 1;
 ?column? 
----------
        1
(1 row)

